
> appto-grad@0.2.0 build
> prisma generate && next build && node scripts/copy-standalone.mjs

Prisma schema loaded from prisma\schema.prisma

✔ Generated Prisma Client (v6.19.2) to .\node_modules\@prisma\client in 190ms

Start by importing your Prisma Client (See: https://pris.ly/d/importing-client)

Tip: Interested in query caching in just a few lines of code? Try Accelerate today! https://pris.ly/tip-3-accelerate

▲ Next.js 16.1.3 (Turbopack)
- Environments: .env.production, .env

  Creating an optimized production build ...
✓ Compiled successfully in 19.2s
  Running TypeScript ...
  Collecting page data using 7 workers ...
  Generating static pages using 7 workers (0/55) ...
  Generating static pages using 7 workers (13/55) 
  Generating static pages using 7 workers (27/55) 
  Generating static pages using 7 workers (41/55) 
